select * from parse_address('123 Main Street, Kansas City, MO 45678');
 num |   street    | street2 |    address1     |    city     | state |  zip  | zipplus | country 
-----+-------------+---------+-----------------+-------------+-------+-------+---------+---------
 123 | Main Street |         | 123 Main Street | Kansas City | MO    | 45678 |         | US
(1 row)

select * from standardize_address('us_lex'::text, 'us_gaz'::text, 'us_rules'::text, '123 Main Street'::text, 'Kansas City, MO 45678'::text);
 building | house_num | predir | qual | pretype | name | suftype | sufdir | ruralroute | extra |    city     |  state   | country | postcode | box | unit 
----------+-----------+--------+------+---------+------+---------+--------+------------+-------+-------------+----------+---------+----------+-----+------
          | 123       |        |      |         | MAIN | STREET  |        |            |       | KANSAS CITY | MISSOURI |         | 45678    |     | 
(1 row)

SELECT '#2981' As ticket, * FROM standardize_address('us_lex','us_gaz','us_rules', '1566 NEW STATE HWY, RAYNHAM, MA') ;
 ticket | building | house_num | predir | qual | pretype |       name        | suftype | sufdir | ruralroute | extra |  city   |     state     | country | postcode | box | unit 
--------+----------+-----------+--------+------+---------+-------------------+---------+--------+------------+-------+---------+---------------+---------+----------+-----+------
 #2981  |          | 1566      |        |      |         | NEW STATE HIGHWAY |         |        |            |       | RAYNHAM | MASSACHUSETTS | USA     |          |     | 
(1 row)

SELECT '#2978a' As ticket, * FROM standardize_address('us_lex','us_gaz','us_rules', '10-20 DORRANCE ST PROVIDENCE RI' );
 ticket | building | house_num | predir | qual | pretype |   name   | suftype | sufdir | ruralroute | extra |    city    |    state     | country | postcode | box | unit 
--------+----------+-----------+--------+------+---------+----------+---------+--------+------------+-------+------------+--------------+---------+----------+-----+------
 #2978a |          | 10 20     |        |      |         | DORRANCE | STREET  |        |            |       | PROVIDENCE | RHODE ISLAND | USA     |          |     | 
(1 row)

SELECT '#2978b' As ticket, * FROM standardize_address('us_lex','us_gaz','us_rules', '10 20 DORRANCE ST PROVIDENCE RI' );
 ticket | building | house_num | predir | qual | pretype |   name   | suftype | sufdir | ruralroute | extra |    city    |    state     | country | postcode | box | unit 
--------+----------+-----------+--------+------+---------+----------+---------+--------+------------+-------+------------+--------------+---------+----------+-----+------
 #2978b |          | 10 20     |        |      |         | DORRANCE | STREET  |        |            |       | PROVIDENCE | RHODE ISLAND | USA     |          |     | 
(1 row)

SELECT '#2978c' As ticket, * FROM standardize_address('us_lex','us_gaz','us_rules', '10-20 DORRANCE ST, PROVIDENCE, RI');
 ticket | building | house_num | predir | qual | pretype |   name   | suftype | sufdir | ruralroute | extra |    city    |    state     | country | postcode | box | unit 
--------+----------+-----------+--------+------+---------+----------+---------+--------+------------+-------+------------+--------------+---------+----------+-----+------
 #2978c |          | 10 20     |        |      |         | DORRANCE | STREET  |        |            |       | PROVIDENCE | RHODE ISLAND | USA     |          |     | 
(1 row)

